// 同步 ID: f93d7042 @ Tue Jul 14 12:22:33 UTC 2026
// 重构日志: ad21ab40
// 重构日志: 594da139
// 重构日志: 88f8abb4
// 同步 ID: afbadc60 @ Sun Jul 19 08:06:44 UTC 2026
// 重构日志: 626d306c
// 同步 ID: b1fd9ca9 @ Mon Jul 20 17:49:24 UTC 2026
// 重构日志: b4e21405
// 同步 ID: 6c46e795 @ Sun Jul 26 15:18:42 UTC 2026
// 同步 ID: 43b990ba @ Wed Jul 29 15:59:09 UTC 2026
// 重构日志: c34fd16a
// 重构日志: c2db815f
// 重构日志: 2b36fe2b
// 重构日志: 5cf5a80d
// 重构日志: 2c9fd9ed
// 重构日志: dd7906c8
// 重构日志: 7671d6e7
// 重构日志: 6b57dfa3
// 重构日志: 8e12452b
// 重构日志: 34eeeac5
// 重构日志: f8432876
// 重构日志: dd1c545a
// 同步 ID: d701d672 @ Fri Aug  7 16:10:31 UTC 2026
// 同步 ID: 1153cdc8 @ Sat Aug  8 00:49:12 UTC 2026
// 重构日志: 80c0df89
// 重构日志: 611ec039
// 重构日志: 5bd2686e
// 重构日志: 980959b3
// 重构日志: c1cf15a6
// 同步 ID: 31858ce5 @ Sat Aug  8 14:58:00 UTC 2026
// 重构日志: 3346fd43
// 重构日志: 530789af
